Archive member included to satisfy reference by file (symbol)

d:/gcc-arm-none-eabi-7-2017-q4-major-win32/bin/../lib/gcc/arm-none-eabi/7.2.1/../../../../arm-none-eabi/lib/thumb/v7e-m/fpv4-sp/hard\libc_nano.a(lib_a-atoi.o)
                              obj/main/BETAFLIGHTF3/interface/cli.o (symbol from plugin) (atoi)
d:/gcc-arm-none-eabi-7-2017-q4-major-win32/bin/../lib/gcc/arm-none-eabi/7.2.1/../../../../arm-none-eabi/lib/thumb/v7e-m/fpv4-sp/hard\libc_nano.a(lib_a-memcpy-stub.o)
                              obj/main/BETAFLIGHTF3/io/ledstrip.o (symbol from plugin) (memcpy)
d:/gcc-arm-none-eabi-7-2017-q4-major-win32/bin/../lib/gcc/arm-none-eabi/7.2.1/../../../../arm-none-eabi/lib/thumb/v7e-m/fpv4-sp/hard\libc_nano.a(lib_a-strtok.o)
                              obj/main/BETAFLIGHTF3/io/rcdevice.o (symbol from plugin) (strtok)
d:/gcc-arm-none-eabi-7-2017-q4-major-win32/bin/../lib/gcc/arm-none-eabi/7.2.1/../../../../arm-none-eabi/lib/thumb/v7e-m/fpv4-sp/hard\libc_nano.a(lib_a-strtok_r.o)
                              d:/gcc-arm-none-eabi-7-2017-q4-major-win32/bin/../lib/gcc/arm-none-eabi/7.2.1/../../../../arm-none-eabi/lib/thumb/v7e-m/fpv4-sp/hard\libc_nano.a(lib_a-strtok.o) (__strtok_r)
d:/gcc-arm-none-eabi-7-2017-q4-major-win32/bin/../lib/gcc/arm-none-eabi/7.2.1/../../../../arm-none-eabi/lib/thumb/v7e-m/fpv4-sp/hard\libc_nano.a(lib_a-strtol.o)
                              d:/gcc-arm-none-eabi-7-2017-q4-major-win32/bin/../lib/gcc/arm-none-eabi/7.2.1/../../../../arm-none-eabi/lib/thumb/v7e-m/fpv4-sp/hard\libc_nano.a(lib_a-atoi.o) (_strtol_r)
d:/gcc-arm-none-eabi-7-2017-q4-major-win32/bin/../lib/gcc/arm-none-eabi/7.2.1/../../../../arm-none-eabi/lib/thumb/v7e-m/fpv4-sp/hard\libc_nano.a(lib_a-impure.o)
                              d:/gcc-arm-none-eabi-7-2017-q4-major-win32/bin/../lib/gcc/arm-none-eabi/7.2.1/../../../../arm-none-eabi/lib/thumb/v7e-m/fpv4-sp/hard\libc_nano.a(lib_a-strtok.o) (_impure_ptr)
d:/gcc-arm-none-eabi-7-2017-q4-major-win32/bin/../lib/gcc/arm-none-eabi/7.2.1/../../../../arm-none-eabi/lib/thumb/v7e-m/fpv4-sp/hard\libc_nano.a(lib_a-locale.o)
                              d:/gcc-arm-none-eabi-7-2017-q4-major-win32/bin/../lib/gcc/arm-none-eabi/7.2.1/../../../../arm-none-eabi/lib/thumb/v7e-m/fpv4-sp/hard\libc_nano.a(lib_a-strtol.o) (__locale_ctype_ptr_l)
d:/gcc-arm-none-eabi-7-2017-q4-major-win32/bin/../lib/gcc/arm-none-eabi/7.2.1/../../../../arm-none-eabi/lib/thumb/v7e-m/fpv4-sp/hard\libc_nano.a(lib_a-malloc.o)
                              d:/gcc-arm-none-eabi-7-2017-q4-major-win32/bin/../lib/gcc/arm-none-eabi/7.2.1/../../../../arm-none-eabi/lib/thumb/v7e-m/fpv4-sp/hard\libc_nano.a(lib_a-strtok.o) (malloc)
d:/gcc-arm-none-eabi-7-2017-q4-major-win32/bin/../lib/gcc/arm-none-eabi/7.2.1/../../../../arm-none-eabi/lib/thumb/v7e-m/fpv4-sp/hard\libc_nano.a(lib_a-mbtowc_r.o)
                              d:/gcc-arm-none-eabi-7-2017-q4-major-win32/bin/../lib/gcc/arm-none-eabi/7.2.1/../../../../arm-none-eabi/lib/thumb/v7e-m/fpv4-sp/hard\libc_nano.a(lib_a-locale.o) (__ascii_mbtowc)
d:/gcc-arm-none-eabi-7-2017-q4-major-win32/bin/../lib/gcc/arm-none-eabi/7.2.1/../../../../arm-none-eabi/lib/thumb/v7e-m/fpv4-sp/hard\libc_nano.a(lib_a-nano-freer.o)
                              d:/gcc-arm-none-eabi-7-2017-q4-major-win32/bin/../lib/gcc/arm-none-eabi/7.2.1/../../../../arm-none-eabi/lib/thumb/v7e-m/fpv4-sp/hard\libc_nano.a(lib_a-malloc.o) (_free_r)
d:/gcc-arm-none-eabi-7-2017-q4-major-win32/bin/../lib/gcc/arm-none-eabi/7.2.1/../../../../arm-none-eabi/lib/thumb/v7e-m/fpv4-sp/hard\libc_nano.a(lib_a-nano-mallocr.o)
                              d:/gcc-arm-none-eabi-7-2017-q4-major-win32/bin/../lib/gcc/arm-none-eabi/7.2.1/../../../../arm-none-eabi/lib/thumb/v7e-m/fpv4-sp/hard\libc_nano.a(lib_a-malloc.o) (_malloc_r)
d:/gcc-arm-none-eabi-7-2017-q4-major-win32/bin/../lib/gcc/arm-none-eabi/7.2.1/../../../../arm-none-eabi/lib/thumb/v7e-m/fpv4-sp/hard\libc_nano.a(lib_a-sbrkr.o)
                              d:/gcc-arm-none-eabi-7-2017-q4-major-win32/bin/../lib/gcc/arm-none-eabi/7.2.1/../../../../arm-none-eabi/lib/thumb/v7e-m/fpv4-sp/hard\libc_nano.a(lib_a-nano-mallocr.o) (_sbrk_r)
d:/gcc-arm-none-eabi-7-2017-q4-major-win32/bin/../lib/gcc/arm-none-eabi/7.2.1/../../../../arm-none-eabi/lib/thumb/v7e-m/fpv4-sp/hard\libc_nano.a(lib_a-strcmp.o)
                              d:/gcc-arm-none-eabi-7-2017-q4-major-win32/bin/../lib/gcc/arm-none-eabi/7.2.1/../../../../arm-none-eabi/lib/thumb/v7e-m/fpv4-sp/hard\libc_nano.a(lib_a-locale.o) (strcmp)
d:/gcc-arm-none-eabi-7-2017-q4-major-win32/bin/../lib/gcc/arm-none-eabi/7.2.1/../../../../arm-none-eabi/lib/thumb/v7e-m/fpv4-sp/hard\libc_nano.a(lib_a-wctomb_r.o)
                              d:/gcc-arm-none-eabi-7-2017-q4-major-win32/bin/../lib/gcc/arm-none-eabi/7.2.1/../../../../arm-none-eabi/lib/thumb/v7e-m/fpv4-sp/hard\libc_nano.a(lib_a-locale.o) (__ascii_wctomb)
[...]
Memory Configuration

Name             Origin             Length             Attributes
FLASH            0x08000000         0x0003f000         xr
FLASH_CONFIG     0x0803f000         0x00001000         r
RAM              0x20000000         0x0000a000         xrw
CCM              0x10000000         0x00002000         xrw
MEMORY_B1        0x60000000         0x00000000         xr
*default*        0x00000000         0xffffffff

Linker script and memory map

LOAD obj/main/BETAFLIGHTF3/startup_stm32f30x_md_gcc.o
LOAD C:\cygwin64\tmp\ccTUqUH8.ltrans0.ltrans.o
LOAD C:\cygwin64\tmp\ccTUqUH8.ltrans1.ltrans.o
LOAD C:\cygwin64\tmp\ccTUqUH8.ltrans2.ltrans.o
LOAD C:\cygwin64\tmp\ccTUqUH8.ltrans3.ltrans.o
LOAD C:\cygwin64\tmp\ccTUqUH8.ltrans4.ltrans.o
LOAD C:\cygwin64\tmp\ccTUqUH8.ltrans5.ltrans.o
LOAD C:\cygwin64\tmp\ccTUqUH8.ltrans6.ltrans.o
LOAD obj/main/BETAFLIGHTF3/./lib/main/DSP_Lib/Source/TransformFunctions/arm_bitreversal2.o
LOAD d:/gcc-arm-none-eabi-7-2017-q4-major-win32/bin/../lib/gcc/arm-none-eabi/7.2.1/../../../../arm-none-eabi/lib/thumb/v7e-m/fpv4-sp/hard\libm.a
LOAD d:/gcc-arm-none-eabi-7-2017-q4-major-win32/bin/../lib/gcc/arm-none-eabi/7.2.1/../../../../arm-none-eabi/lib/thumb/v7e-m/fpv4-sp/hard\libc_nano.a
LOAD d:/gcc-arm-none-eabi-7-2017-q4-major-win32/bin/../lib/gcc/arm-none-eabi/7.2.1/../../../../arm-none-eabi/lib/thumb/v7e-m/fpv4-sp/hard\libnosys.a
START GROUP
LOAD d:/gcc-arm-none-eabi-7-2017-q4-major-win32/bin/../lib/gcc/arm-none-eabi/7.2.1/thumb/v7e-m/fpv4-sp/hard\libgcc.a
LOAD d:/gcc-arm-none-eabi-7-2017-q4-major-win32/bin/../lib/gcc/arm-none-eabi/7.2.1/../../../../arm-none-eabi/lib/thumb/v7e-m/fpv4-sp/hard\libc_nano.a
END GROUP
START GROUP
LOAD d:/gcc-arm-none-eabi-7-2017-q4-major-win32/bin/../lib/gcc/arm-none-eabi/7.2.1/thumb/v7e-m/fpv4-sp/hard\libgcc.a
LOAD d:/gcc-arm-none-eabi-7-2017-q4-major-win32/bin/../lib/gcc/arm-none-eabi/7.2.1/../../../../arm-none-eabi/lib/thumb/v7e-m/fpv4-sp/hard\libc_nano.a
END GROUP
                0x10002000                _estack = (ORIGIN (STACKRAM) + LENGTH (STACKRAM))
                0x0803f000                __config_start = ORIGIN (FLASH_CONFIG)
                0x08040000                __config_end = (ORIGIN (FLASH_CONFIG) + LENGTH (FLASH_CONFIG))
                0x00000000                _Min_Heap_Size = 0x0
                0x00000800                _Min_Stack_Size = 0x800

.isr_vector     0x08000000      0x188
                0x08000000                . = ALIGN (0x4)
                [!provide]                PROVIDE (isr_vector_table_base, .)
 *(.isr_vector)
 .isr_vector    0x08000000      0x188 obj/main/BETAFLIGHTF3/startup_stm32f30x_md_gcc.o
                0x08000000                g_pfnVectors
                0x08000188                . = ALIGN (0x4)

.text           0x08000188    0x3acb8
                0x08000188                . = ALIGN (0x4)
 *(.text)
 .text          0x08000188     0x7420 C:\cygwin64\tmp\ccTUqUH8.ltrans0.ltrans.o
                0x08000188                taskCameraControl
                0x080001fc                dispatchProcess
                0x08000230                uartWrite.lto_priv.697
                0x080002b8                uartRead.lto_priv.700
                0x080002f0                isUartTransmitBufferEmpty.lto_priv.701
                0x08000308                uartTotalTxBytesFree.lto_priv.699
                0x0800032c                uartTotalRxBytesWaiting.lto_priv.698
                0x08000354                mspRebootFn.lto_priv.502
                0x0800036c                mspEscPassthroughFn.lto_priv.500
                0x08000380                taskBatteryAlerts
                0x080005f0                uartSetMode.lto_priv.702
                0x0800069c                mspProcessOutCommand.lto_priv.552
                0x080016cc                enableFlightMode
                0x080016fc                setArmingDisabled
                0x0800170c                fcTasksInit
                0x080018b8                changePidProfile
                0x080018f0                HardFault_Handler
                0x08001924                writeEEPROM
                0x08001938                validateAndFixGyroConfig
                0x08001a74                resetConfigs
                0x08001ac4                resetEEPROM
                0x08001adc                timerOCInit
                0x08001cb4                timerInit
                0x08001ef0                TIM1_TRG_COM_TIM17_IRQHandler
                0x08001fbc                TIM1_BRK_TIM15_IRQHandler
                0x08002088                TIM8_UP_IRQHandler
                0x08002154                TIM8_CC_IRQHandler
                0x08002220                TIM4_IRQHandler
                0x080022e8                TIM3_IRQHandler
                0x080023a4                TIM2_IRQHandler
                0x08002460                TIM1_UP_TIM16_IRQHandler
                0x080025dc                TIM1_CC_IRQHandler
                0x08002698                timerChConfigCallbacks
                0x080027f0                timerConfigure
                0x0800297c                timerRCC
                0x08002a08                failureMode
                0x08002c58                readEEPROM
                0x08002fa4                saveConfigAndNotify
                0x08002fc0                taskUpdateAccelerometer.lto_priv.443
                0x080034d0                indicateFailure
                0x08003724                micros
                0x080037bc                taskTelemetry.lto_priv.446
                0x080044b4                taskUpdateRxMain.lto_priv.444
                0x08006c74                delayMicroseconds
                0x08006d28                delay
                0x08006dec                SysTick_Handler
                0x08006e20                systemBeep
                0x08006e74                USART3_IRQHandler
                0x08006ef0                USART2_IRQHandler
                0x08006f6c                USART1_IRQHandler
                0x08006fe8                taskHandleSerial.lto_priv.445
 .text          0x080075a8     0x8970 C:\cygwin64\tmp\ccTUqUH8.ltrans1.ltrans.o
                0x080075a8                escSerialTotalBytesWaiting.lto_priv.327
                0x080075ee                isEscSerialTransmitBufferEmpty.lto_priv.328
                0x08009a04                rxUpdateCheck
                0x0800a158                onSerialRxPinChangeEsc.lto_priv.325
                0x0800a23c                onSerialRxPinChangeBL.lto_priv.274
                0x0800ab30                cmsHandler
                0x0800b998                pgResetFn_rxConfig
                0x0800bd9c                escSerialOutputPortConfig.lto_priv.331
                0x0800bdbe                escSerialInputPortConfig.lto_priv.329
                0x0800bde4                setTxSignalEsc.lto_priv.330
                0x0800be70                onSerialTimerEsc.lto_priv.324
                0x0800bfa0                onSerialTimerBL.lto_priv.275
                0x0800c0de                ws2811UpdateStrip
                0x0800c2b4                saUpdateStatusString
                0x0800c420                cmsDisplayPortRegister
                0x0800c444                blackboxWriteString
                0x0800c49c                blackboxWrite
                0x0800c848                blackboxWriteUnsignedVB
                0x0800c884                blackboxWriteSignedVB
                0x0800cf24                blackboxInit
                0x0800cfac                blackboxGetRateNum
                0x0800cfd4                blackboxUpdate
                0x0800ddc8                gyroInit
                0x0800e5f8                alignSensors
                0x0800e71c                accInitFilters
                0x0800e9ac                accInit
                0x0800ea6c                parseRcChannels
                0x0800eaac                resumeRxSignal
                0x0800eb60                suspendRxSignal
                0x0800ec1c                rxInit
                0x0800f4a4                StkRcvPacket.lto_priv.295
                0x0800f5d8                StkSendByte.lto_priv.293
                0x0800f67c                StkSendPacketFooter.lto_priv.294
                0x0800f6b8                StkSendPacketHeader.lto_priv.292
                0x0800f880                esc4wayProcess
 .text          0x0800ff18     0x7118 C:\cygwin64\tmp\ccTUqUH8.ltrans2.ltrans.o
                0x0800ff18                afatfs_freeFileCreated.lto_priv.424
                0x0800ffec                Standard_GetStatus
                0x08010074                Standard_GetInterface
                0x0801009c                Standard_GetConfiguration
                0x080100c4                vtxTrampGetFreq
                0x080100dc                vtxTrampGetPitMode
                0x080100f4                vtxTrampGetPowerIndex
                0x08010138                vtxTrampGetBandAndChannel
                0x08010160                vtxTrampIsReady
                0x08010174                vtxTrampGetDeviceType
                0x08010178                vtxSAGetPitMode
                0x08010198                vtxSAGetPowerIndex
                0x080101d8                vtxSAGetBandAndChannel
                0x08010220                vtxSAIsReady
                0x08010234                vtxSAGetDeviceType
                0x0801028e                vtxSASetPowerByIndex
                0x080102fc                escSensorProcess
                0x08010b48                srxlGrab.lto_priv.503
                0x08010b50                txBytesFree.lto_priv.288
                0x08010b58                srxlTxBytesFree.lto_priv.513
                0x08010b60                srxlResync.lto_priv.512
                0x08010b64                release.lto_priv.279
                0x08010b68                srxlHeartbeat.lto_priv.511
                0x08010b6c                isTransferInProgress.lto_priv.521
                0x08010b70                srxlIsTransferInProgress.lto_priv.510
                0x08010b74                srxlClearScreen.lto_priv.505
                0x08010c64                srxlRelease.lto_priv.504
                0x08010c74                srxlWriteString.lto_priv.508
                0x08010cb0                srxlWriteChar.lto_priv.509
                0x08010ce4                screenSize.lto_priv.518
                0x08010cf0                srxlScreenSize.lto_priv.507
                0x08010cfc                srxlDrawScreen.lto_priv.506
                0x08010d00                resync.lto_priv.523
                0x08010d18                heartbeat.lto_priv.286
                0x08010d1c                isTransferInProgress.lto_priv.285
                0x08010d20                writeChar.lto_priv.284
                0x08010d3c                writeString.lto_priv.283
                0x08010d6c                screenSize.lto_priv.282
                0x08010d78                grab.lto_priv.278
                0x08010e08                escSerialSetBaudRate.lto_priv.277
                0x080110cc                srxlFrameText
                0x08011170                srxlFrameFlightPackCurrent
                0x08011224                srxlFrameRpm
                0x0801129c                srxlFrameQos
                0x0801146c                ledStripUpdate
                0x080118e4                txBytesFree.lto_priv.524
                0x08011914                writeString.lto_priv.519
                0x08011968                writeChar.lto_priv.520
                0x08011980                drawScreen.lto_priv.517
                0x080119b0                clearScreen.lto_priv.516
                0x080119dc                release.lto_priv.515
                0x08011a08                heartbeat.lto_priv.522
                0x08011a2c                grab.lto_priv.514
                0x08011a30                resync.lto_priv.287
                0x08011a68                drawScreen.lto_priv.281
                0x08011c6c                clearScreen.lto_priv.280
                0x08011ce8                afatfs_assert.part.0.lto_priv.458
                0x08011ecc                afatfs_fseekInternal.lto_priv.291
                0x08011f00                afatfs_cacheSector.lto_priv.289
                0x08012170                afatfs_findNext
                0x08012248                afatfs_saveDirectoryEntry.lto_priv.456
                0x08012398                afatfs_fclose
                0x080123cc                afatfs_FATFillWithPattern.lto_priv.457
                0x08012608                afatfs_findClusterWithCondition.lto_priv.460
                0x080129a0                afatfs_fwrite.part.20
                0x080130f8                afatfs_fileOperationContinue.part.18.lto_priv.459
                0x080131ec                sdcard_isInserted
                0x08013258                sdcard_poll.part.5
                0x08013734                mixerTricopterInit
                0x08013734                NOP_Process
                0x08013738                SetEPRxCount
                0x08013780                Post0_Process
                0x080137c4                SetEPTxCount
                0x080137e4                DataStageIn.lto_priv.296
                0x080138c4                DMA_StructInit
                0x080138e0                DMA_Init
                0x08013920                DMA_DeInit
                0x08013a48                afatfs_flush.part.13
                0x08013c84                FLASH_GetStatus
                0x08013cac                NVIC_Init.part.0
                0x08013cf4                NVIC_Init
                0x08013d18                TIM_CCxCmd
                0x08013d34                TIM_DeInit
                0x08013e74                RCC_GetClocksFreq
                0x0801425c                USART_Init
                0x08014310                GPIO_Init
                0x0801439c                Set_System
                0x08014450                trampCommitChanges
                0x08014468                vtxTrampSetFreq
                0x08014494                vtxTrampSetPowerByIndex
                0x080144c8                trampCmdU16
                0x08014524                vtxTrampSetPitMode
                0x08014540                vtxTrampProcess
                0x08014830                saSetMode
                0x08014860                vtxSASetPitMode
                0x08014888                saDevSetBandAndChannel.lto_priv.404
                0x080148b4                vtxSASetBandAndChannel
                0x080148c8                saDoDevSetFreq.lto_priv.403
                0x08014950                vtxSASetFreq
                0x08014970                vtxSAProcess
                0x08014cc0                vtx58_Bandchan2Freq
                0x08014ce8                trampSetBandAndChannel
                0x08014d0c                vtxTrampSetBandAndChannel
                0x08014d28                vtxSAGetFreq
                0x08014d6c                calculateCrc8
                0x08014d9c                escSensorInit
                0x08014e0c                getEscSensorData
                0x08014eec                sendMspReply
                0x08015028                handleMspFrame
                0x0801521c                processSmartPortTelemetry
                0x080156a0                smartPortSendByte
                0x08015724                workAroundForHottTelemetryOnUsart.isra.4.lto_priv.670
                0x08015770                flushHottRxBuffer.lto_priv.671
                0x08015790                hottConfigurePortForRX.lto_priv.669
                0x080157c8                frSkyHubWriteFrame.lto_priv.672
                0x080157f8                crsfFinalize.lto_priv.668
                0x0801582c                crsfSendMspResponse
                0x0801586c                telemetryCheckRxPortShared.part.1
                0x08015880                telemetryCheckRxPortShared
                0x08015894                telemetryDetermineEnabledState
                0x080158c0                telemetryCheckState
                0x08015a24                telemetryInit
                0x08015b84                setModeColor
                0x08015bd4                parseColor
                0x08015c4c                reevaluateLedConfig
                0x08015d7c                parseLedStripConfig.part.13
                0x08015f58                ledStripEnable
                0x08015fa4                rcdeviceInit
                0x08016168                rcdeviceUpdate
                0x0801652c                vtxCommonGetPitMode
                0x08016544                vtxCommonGetPowerIndex
                0x08016740                vtxCommonSetPitMode
                0x08016758                vtxCommonGetDeviceType
                0x08016770                vtxUpdate
                0x08016a4c                escSerialGPIOConfig.isra.5.lto_priv.402
                0x08016a6c                escEnablePassthrough
                0x08016f28                afatfs_createFile.lto_priv.406
 .text          0x08017030     0xb9e4 C:\cygwin64\tmp\ccTUqUH8.ltrans3.ltrans.o
                0x08017104                pgResetFn_servoConfig
                0x08017148                pgResetFn_pidProfiles
                0x0801719c                pgResetFn_motorConfig
                0x08017dfc                WriteByteCrc.lto_priv.407
                0x08017e38                ReadByte.lto_priv.350
                0x08017e54                ReadByteCrc.lto_priv.408
                0x08017e84                cliWrite.lto_priv.678
                0x08017e94                cliPrint.lto_priv.677
                0x08017f9a                cliPrintLinefeed.lto_priv.680
                0x08017fa4                cliHelp.lto_priv.639
                0x080180ea                cliVersion.lto_priv.662
                0x08018138                cliTasks.lto_priv.661
                0x080182f0                cliRateProfile.lto_priv.648
                0x08018354                cliProfile.lto_priv.647
                0x08018580                cliName.lto_priv.646
                0x080185dc                cliVtx.lto_priv.663
                0x08018f04                cliAux.lto_priv.627
                0x08019010                cliPrintLine.lto_priv.676
                0x0801901e                cliDma.lto_priv.650
                0x08019094                cliGet.lto_priv.638
                0x080193a0                cliSdInfo.lto_priv.654
                0x08019480                cliStatus.lto_priv.660
                0x08019618                cliDshotProg.lto_priv.633
                0x08019704                cliServo.lto_priv.657
                0x080197e4                cliModeColor.lto_priv.644
                0x08019860                cliColor.lto_priv.630
                0x080198b4                cliLed.lto_priv.640
                0x08019908                cliAdjustmentRange.lto_priv.626
                0x08019a0c                cliSerialPassthrough.lto_priv.656
                0x08019b7c                cliSerial.lto_priv.655
                0x08019c68                cliRxFailsafe.lto_priv.651
                0x08019d7c                servosFilterInit
                0x08019db4                loadCustomServoMixer
                0x08019e00                servoConfigureOutput
                0x08019e80                servosInit
                0x08019ed4                pidInitFilters.part.1
                0x0801a30a                pidCopyProfile
                0x0801a344                pidInit
                0x0801a604                pidInitConfig
                0x0801a8b0                convertExternalToMotor
                0x0801a998                cliMotor.lto_priv.645
                0x0801aa7c                stopPwmAllMotors
                0x0801abec                cliExit.lto_priv.636
                0x0801ac20                cliSave.lto_priv.653
                0x0801ac2e                cliBootloader.lto_priv.629
                0x0801ac32                stopMotors
                0x0801ad90                mixerConfigureOutput
                0x0801b09c                initEscEndpoints
                0x0801b204                areMotorsRunning
                0x0801b2c4                imuInit
                0x0801b3d8                failsafeActivate.lto_priv.673
                0x0801b414                isModeActivationConditionPresent
                0x0801b45c                isRangeActive
                0x0801b4b0                isAirmodeActive
                0x0801b4cc                IS_RC_MODE_ACTIVE
                0x08020dfc                calculateThrottleStatus
                0x08020e7c                blackboxLogInflightAdjustmentEvent.part.0.lto_priv.675
                0x08020eb0                initRcProcessing
                0x080212ac                updateArmingStatus.part.0
                0x080215ac                cliDefaults.lto_priv.631
                0x080215e4                cliMixer.lto_priv.642
                0x08021698                cliEscPassthrough.lto_priv.635
                0x08021768                cliBeeper.lto_priv.628
                0x080218cc                cliFeature.lto_priv.637
                0x080219e8                cliServoMix.lto_priv.659
                0x08021c78                cliMotorMix.lto_priv.643
                0x08021dcc                cliResource.lto_priv.649
                0x0802202c                cliSet.lto_priv.658
                0x08022258                cliRxRange.lto_priv.652
                0x08022314                checkCommand.lto_priv.679
                0x08022970                cliDiff.lto_priv.632
                0x08022974                cliDump.lto_priv.634
                0x08022978                cliMap.lto_priv.641
 .text          0x08022a14     0x6108 C:\cygwin64\tmp\ccTUqUH8.ltrans4.ltrans.o
                0x08022a14                pwmWriteUnused.lto_priv.272
                0x08022ac4                pwmOverflowCallback.lto_priv.263
                0x08022aec                ppmEdgeCallback.lto_priv.264
                0x08022c84                ppmOverflowCallback.lto_priv.265
                0x08022ccc                pwmCompleteOneshotMotorUpdate.lto_priv.271
                0x08023218                nopConsumer.lto_priv.276
                0x0802321c                pwmCompleteWriteUnused.lto_priv.270
                0x08023220                loadDmaBufferProshot.lto_priv.267
                0x08023264                loadDmaBufferDshot.lto_priv.268
                0x080233b4                pgResetFn_controlRateProfiles
                0x080233e4                pgResetFn_voltageSensorADCConfig
                0x080233f8                taskSystem
                0x08023424                pgResetFn_ppmConfig
                0x0802342c                pgResetFn_pwmConfig
                0x08023500                pgResetFn_adcConfig
                0x08023844                pwmWriteDshot.lto_priv.266
                0x080238a8                pwmWriteStandard.lto_priv.269
                0x080238d4                pgResetFn_serialConfig
                0x08023adc                batteryUpdateCurrentMeter
                0x08023cd8                batteryUpdateVoltage
                0x08023eec                pgResetFn_sdcardConfig
                0x08023f3c                pwmDisableMotors
                0x08023f94                pwmEnableMotors
                0x08023fb4                pwmICConfig
                0x080240c4                pwmEdgeCallback.lto_priv.262
                0x08024120                pwmWriteDshotCommand
                0x080244dc                pwmOutConfig
                0x080247e4                cameraControlKeyPress
                0x08024944                TIM7_IRQHandler
                0x08024960                TIM6_DAC_IRQHandler
                0x0802497c                copyControlRateProfile
                0x080249b0                changeControlRateProfile
                0x080249d4                isBatteryVoltageAvailable
                0x080249f0                calculateBatteryPercentageRemaining
                0x08024a84                scheduler
                0x08024c88                getTaskInfo
                0x08024cf8                queueAdd
                0x08024d94                setTaskEnabled.part.0
                0x08024df8                pgResetInstance
                0x08024e40                pgFind
                0x08024e6c                mspSerialEncode.isra.1.lto_priv.290
                0x08024f30                warningLedRefresh
                0x08024f74                waitForSerialPortToFinishTransmitting
                0x080250b8                closeSerialPort
                0x08025110                mspSerialReleasePortIfAllocated
                0x08025140                openSerialPort
                0x080258ac                determinePortSharing
                0x080258c0                findSerialPortConfig
                0x0802592c                mspSerialAllocatePorts
                0x080259a4                lookupBaudRateIndex
                0x08025a5c                beeperModeMaskForTableIndex
                0x08025a80                beeperSilence
                0x08025ab4                beeper
                0x08025b30                beeperConfirmationBeeps
                0x08025b60                tryArm
                0x0802627c                disarm
                0x080263a8                beeperUpdate
                0x080264dc                findBoxByPermanentId
                0x08026514                findBoxByBoxId
                0x08026548                mspFcProcessCommand
                0x0802804c                init
 .text          0x08028b1c     0x536c C:\cygwin64\tmp\ccTUqUH8.ltrans5.ltrans.o
                0x08028b1c                pgResetFn_serialPinConfig
                0x08028b4c                serialWriteBufShim
                0x08028b8c                pgResetFn_statusLedConfig
                0x08028e8c                firFilterDenoiseUpdate
                0x08028eee                biquadFilterApply
                0x08028f34                biquadFilterApplyDF1
                0x08028f82                pt1FilterApply
                0x08028f9c                nullFilterApply
                0x08028f9e                crc16_ccitt_update
                0x08028fd2                pgResetFn_osdConfig
                0x080290b8                mpu6000SpiAccInit
                0x08029164                motor_DMA_IRQHandler.lto_priv.273
                0x080291a4                pwmCompleteDshotMotorUpdate
                0x080293ae                serialWriteBuf.part.0
                0x080293da                serialEndWrite
                0x080293e4                serialBeginWrite
                0x080293ee                serialWriteBuf
                0x0802942e                serialSetMode
                0x08029434                serialRead
                0x0802943a                serialTxBytesFree
                0x08029440                serialRxBytesWaiting
                0x08029446                serialWrite
                0x0802944c                _putc.lto_priv.483
                0x08029458                ledToggle
                0x08029474                IOConfigGPIOAF.part.1
                0x08029810                IOConfigGPIO.part.0
                0x08029b80                IOGetByTag
                0x08029bd0                IOInitGlobal
                0x08029d0c                IOConfigGPIOAF
                0x0802a028                IOConfigGPIO
                0x0802a31c                IOLo
                0x0802a326                IOHi
                0x0802a330                IOWrite
                0x0802a340                ledSet
                0x0802a374                IORead
                0x0802a386                EXTI15_10_IRQHandler
                0x0802a3c4                EXTI0_IRQHandler
                0x0802a400                EXTI9_5_IRQHandler
                0x0802a43c                EXTI4_IRQHandler
                0x0802a478                EXTI3_IRQHandler
                0x0802a4b4                EXTI2_TS_IRQHandler
                0x0802a4f0                EXTI1_IRQHandler
                0x0802a52c                EXTIInit
                0x0802a570                displayHeartbeat
                0x0802a576                displayWriteChar
                0x0802a588                displayWrite
                0x0802a5ec                displayGrab
                0x0802a606                displayClearScreen
                0x0802a61a                spiPreInitCs
                0x0802a634                spiTimeoutUserCallback
                0x0802a66c                mpu6000SpiGyroInit
                0x0802b278                mpuGyroReadSPI
                0x0802b330                mpuAccRead
                0x0802b41a                bufWriterFlush
                0x0802b434                bufWriterAppend
                0x0802b45e                adcVerifyPin
                0x0802b49c                adcChannelByTag
                0x0802b4cc                featureClear
                0x0802b4dc                isEEPROMContentValid
                0x0802b548                writeConfigToEEPROM
                0x0802b69c                fastA2F
                0x0802b830                _i2a.lto_priv.261
                0x0802b878                ftoa
                0x0802ba3c                rtcGetDateTime
                0x0802ba84                dateTimeToRtcTime.lto_priv.553
                0x0802bae8                strncasecmp
                0x0802bb30                strcasecmp
                0x0802bb38                toupper
                0x0802bb44                tolower
                0x0802bb50                isspace
                0x0802bb64                islower
                0x0802bb70                isupper
                0x0802bb7c                isdigit
                0x0802bb88                isalnum
                0x0802bba4                sbufReadU32
                0x0802bbd2                sbufReadU16
                0x0802bbe8                sbufReadU8
                0x0802bbf2                sbufWriteData
                0x0802bc06                sbufWriteU16BigEndian
                0x0802bc20                sbufWriteU32
                0x0802bc4e                sbufWriteU16
                0x0802bc62                tfp_format
                0x0802bdf2                tfp_sprintf
                0x0802be20                dateTimeFormat.lto_priv.405
                0x0802c05c                tfp_printf
                0x0802c0a0                sin_approx.part.0
                0x0802c178                gcd
                0x0802c196                biquadFilterInitLPF
                0x0802c3e4                crc8_dvb_s2_sbuf_append
                0x0802c428                bitArraySet
                0x0802c446                bitArrayGet
                0x0802c460                osdFormatRtcDateTime.lto_priv.551
                0x0802cc9c                osdUpdate
                0x0802d3c0                spiTransfer
                0x0802d41e                spiTransferByte
                0x0802d458                spiSetDivisor
                0x0802d498                max7456RefreshAll.part.0
                0x0802d580                max7456Brightness
                0x0802d5d0                max7456ReInit
                0x0802d708                dmaGetIdentifier
                0x0802d72c                dmaSetHandler
                0x0802d848                dmaInit
                0x0802d880                serialUART
                0x0802d9e4                ws2811LedStripHardwareInit
                0x0802dba8                DMA2_Channel5_IRQHandler
                0x0802dbbc                DMA2_Channel4_IRQHandler
                0x0802dbd0                DMA2_Channel3_IRQHandler
                0x0802dbe4                DMA2_Channel2_IRQHandler
                0x0802dbf8                DMA2_Channel1_IRQHandler
                0x0802dc0c                DMA1_Channel7_IRQHandler
                0x0802dc20                DMA1_Channel6_IRQHandler
                0x0802dc34                DMA1_Channel5_IRQHandler
                0x0802dc44                DMA1_Channel4_IRQHandler
                0x0802dc54                DMA1_Channel3_IRQHandler
                0x0802dc64                DMA1_Channel2_IRQHandler
                0x0802dc74                DMA1_Channel1_IRQHandler
                0x0802dc84                spiIsBusBusy
                0x0802dc98                spiInitDevice
                0x0802de18                SystemInit
 .text          0x0802de88     0x4e3c C:\cygwin64\tmp\ccTUqUH8.ltrans6.ltrans.o
                0x0802de88                usbTxBytesFree.lto_priv.527
                0x0802de8c                usbVcpBeginWrite.lto_priv.533
                0x0802de94                usbVcpAvailable.lto_priv.526
                0x0802dea0                isUsbVcpTransmitBufferEmpty.lto_priv.530
                0x0802dea4                usbVcpSetMode.lto_priv.531
                0x0802dea6                usbVcpSetBaudRate.lto_priv.529
                0x0802dfd4                Virtual_Com_Port_SetDeviceAddress
                0x0802dfe0                Virtual_Com_Port_SetConfiguration
                0x0802e160                usbVcpRead.lto_priv.528
                0x0802e444                usbVcpEndWrite.lto_priv.534
                0x0802e44c                usbVcpWrite.lto_priv.525
                0x0802e46c                usbVcpWriteBuf.lto_priv.532
                0x0802e4a8                RCC_ClockCmd.constprop.248
                0x0802e4e4                IOConfigGPIO.constprop.246
                0x0802e594                adcInit.constprop.239
                0x0802e898                timerOCPreloadConfig.constprop.226
                0x0802e8d6                TIM_TimeBaseInit.constprop.225
                0x0802e974                timerGetByTag.constprop.220
                0x0802e9ec                EXTI_Init.part.0.constprop.210
                0x0802ead0                indicate.part.2.constprop.198
                0x0802ee04                indicate.part.2.constprop.197
                0x0802f11c                a2i.constprop.191
                0x0802f162                itoa.constprop.189
                0x0802f324                osdFormatMessage.constprop.188
                0x0802f34a                arm_radix8_butterfly_f32.constprop.185
                0x0802f8ea                timerChConfigCallbacks.constprop.180
                0x0802fa44                timerChConfigIC.constprop.178
                0x0802fb42                biquadFilterInit.constprop.176
                0x0802fd60                isSerialConfigValid.constprop.170
                0x08030008                FLASH_WaitForLastOperation.constprop.167
                0x08030032                sdcard_init.constprop.162
                0x08030144                max7456DisplayPortInit.constprop.161
                0x08030224                findNextSerialPortConfig.constprop.144
                0x080302d8                servoDevInit.constprop.143
                0x08030484                gyroInitSensorFilters.constprop.137
                0x08030f80                pwmRxInit.constprop.127
                0x0803102c                ppmRxInit.constprop.126
                0x08031100                motorDevInit.constprop.125
                0x08031980                serialInit.constprop.124
                0x08031a78                spektrumBind.constprop.121
                0x08031d54                ledInit.constprop.120
                0x08031de4                arraySubInt32.constprop.116
                0x08031e04                afatfs_FATGetNextCluster.constprop.88
                0x08031e54                findNextSharedSerialPort.constprop.86
                0x08031f14                findSharedSerialPort.constprop.85
                0x08031fd4                serialTimerRxConfigBL.constprop.83
                0x08032018                serialTimerTxConfigBL.constprop.82
                0x08032058                serialPassthrough.constprop.77
                0x0803210c                mspSerialPush.constprop.76
                0x08032150                afatfs_fseek.constprop.56
                0x080321bc                blackboxWriteSignedVBArray.constprop.53
                0x080321d8                readBitfield.constprop.48
                0x08032218                mixerLoadMix.constprop.41
                0x08032278                generateLedConfig.constprop.36
                0x0803230c                _CMD_SPI_MULTI_EX.constprop.30
                0x08032398                saSendFrame.constprop.11
                0x080323d8                USBWakeUp_IRQHandler
                0x080323e8                PendSV_Handler
                0x080323ea                DebugMon_Handler
                0x080323ec                SVC_Handler
                0x080323ee                UsageFault_Handler
                0x080323f0                BusFault_Handler
                0x080323f2                MemManage_Handler
                0x080323f4                NMI_Handler
                0x080323f6                USB_Interrupts_Config
                0x08032454                USB_LP_CAN1_RX0_IRQHandler
 .text          0x08032cc4       0xc0 obj/main/BETAFLIGHTF3/./lib/main/DSP_Lib/Source/TransformFunctions/arm_bitreversal2.o
                0x08032cc4                arm_bitreversal_32
                0x08032d2e                arm_bitreversal_16
 .text          0x08032d84       0x14 d:/gcc-arm-none-eabi-7-2017-q4-major-win32/bin/../lib/gcc/arm-none-eabi/7.2.1/../../../../arm-none-eabi/lib/thumb/v7e-m/fpv4-sp/hard\libc_nano.a(lib_a-strcmp.o)
                0x08032d84                strcmp
 .text          0x08032d98       0x10 d:/gcc-arm-none-eabi-7-2017-q4-major-win32/bin/../lib/gcc/arm-none-eabi/7.2.1/../../../../arm-none-eabi/lib/thumb/v7e-m/fpv4-sp/hard\libc_nano.a(lib_a-strlen.o)
                0x08032d98                strlen
 .text          0x08032da8      0x378 d:/gcc-arm-none-eabi-7-2017-q4-major-win32/bin/../lib/gcc/arm-none-eabi/7.2.1/thumb/v7e-m/fpv4-sp/hard\libgcc.a(_arm_addsubdf3.o)
                0x08032da8                __aeabi_drsub
                0x08032db0                __aeabi_dsub
                0x08032db0                __subdf3
                0x08032db4                __aeabi_dadd
                0x08032db4                __adddf3
                0x0803302c                __floatunsidf
                0x0803302c                __aeabi_ui2d
                0x0803304c                __floatsidf
                0x0803304c                __aeabi_i2d
                0x08033070                __aeabi_f2d
                0x08033070                __extendsfdf2
                0x080330b4                __floatundidf
                0x080330b4                __aeabi_ul2d
                0x080330c4                __floatdidf
                0x080330c4                __aeabi_l2d
 .text          0x08033120      0x424 d:/gcc-arm-none-eabi-7-2017-q4-major-win32/bin/../lib/gcc/arm-none-eabi/7.2.1/thumb/v7e-m/fpv4-sp/hard\libgcc.a(_arm_muldivdf3.o)
                0x08033120                __aeabi_dmul
                0x08033120                __muldf3
                0x08033374                __divdf3
                0x08033374                __aeabi_ddiv
 .text          0x08033544      0x110 d:/gcc-arm-none-eabi-7-2017-q4-major-win32/bin/../lib/gcc/arm-none-eabi/7.2.1/thumb/v7e-m/fpv4-sp/hard\libgcc.a(_arm_cmpdf2.o)
                0x08033544                __gtdf2
                0x08033544                __gedf2
                0x0803354c                __ltdf2
                0x0803354c                __ledf2
                0x08033554                __nedf2
                0x08033554                __eqdf2
                0x08033554                __cmpdf2
                0x080335d0                __aeabi_cdrcmple
                0x080335e0                __aeabi_cdcmpeq
                0x080335e0                __aeabi_cdcmple
                0x080335f0                __aeabi_dcmpeq
                0x08033604                __aeabi_dcmplt
                0x08033618                __aeabi_dcmple
                0x0803362c                __aeabi_dcmpge
                0x08033640                __aeabi_dcmpgt
 .text          0x08033654       0x40 d:/gcc-arm-none-eabi-7-2017-q4-major-win32/bin/../lib/gcc/arm-none-eabi/7.2.1/thumb/v7e-m/fpv4-sp/hard\libgcc.a(_arm_fixunsdfsi.o)
                0x08033654                __aeabi_d2uiz
                0x08033654                __fixunsdfsi
 .text          0x08033694       0xa0 d:/gcc-arm-none-eabi-7-2017-q4-major-win32/bin/../lib/gcc/arm-none-eabi/7.2.1/thumb/v7e-m/fpv4-sp/hard\libgcc.a(_arm_truncdfsf2.o)
                0x08033694                __truncdfsf2
                0x08033694                __aeabi_d2f
 .text          0x08033734       0xa0 d:/gcc-arm-none-eabi-7-2017-q4-major-win32/bin/../lib/gcc/arm-none-eabi/7.2.1/thumb/v7e-m/fpv4-sp/hard\libgcc.a(_aeabi_ldivmod.o)
                0x08033734                __aeabi_ldivmod
 .text          0x080337d4       0x28 d:/gcc-arm-none-eabi-7-2017-q4-major-win32/bin/../lib/gcc/arm-none-eabi/7.2.1/thumb/v7e-m/fpv4-sp/hard\libgcc.a(_popcountsi2.o)
                0x080337d4                __popcountsi2
 .text          0x080337fc      0x2cc d:/gcc-arm-none-eabi-7-2017-q4-major-win32/bin/../lib/gcc/arm-none-eabi/7.2.1/thumb/v7e-m/fpv4-sp/hard\libgcc.a(_udivmoddi4.o)
                0x080337fc                __udivmoddi4
 .text          0x08033ac8        0x4 d:/gcc-arm-none-eabi-7-2017-q4-major-win32/bin/../lib/gcc/arm-none-eabi/7.2.1/thumb/v7e-m/fpv4-sp/hard\libgcc.a(_dvmd_tls.o)
                0x08033ac8                __aeabi_idiv0
                0x08033ac8                __aeabi_ldiv0
 *(.text*)
 .text.Reset_Handler
                0x08033acc       0x68 obj/main/BETAFLIGHTF3/startup_stm32f30x_md_gcc.o
                0x08033acc                Reset_Handler
 .text.Default_Handler
                0x08033b34        0x2 obj/main/BETAFLIGHTF3/startup_stm32f30x_md_gcc.o
                0x08033b34                RTC_Alarm_IRQHandler
                0x08033b34                TIM8_TRG_COM_IRQHandler
                0x08033b34                USB_HP_IRQHandler
                0x08033b34                PVD_IRQHandler
                0x08033b34                I2C2_EV_IRQHandler
                0x08033b34                FPU_IRQHandler
                0x08033b34                ADC1_2_IRQHandler
                0x08033b34                SPI1_IRQHandler
                0x08033b34                CAN1_RX1_IRQHandler
                0x08033b34                UART5_IRQHandler
                0x08033b34                ADC3_IRQHandler
                0x08033b34                I2C1_EV_IRQHandler
                0x08033b34                UART4_IRQHandler
                0x08033b34                RCC_IRQHandler
                0x08033b34                Default_Handler
                0x08033b34                USBWakeUp_RMP_IRQHandler
                0x08033b34                TAMPER_STAMP_IRQHandler
                0x08033b34                RTC_WKUP_IRQHandler
                0x08033b34                SPI2_IRQHandler
                0x08033b34                USB_LP_IRQHandler
                0x08033b34                USB_HP_CAN1_TX_IRQHandler
                0x08033b34                ADC4_IRQHandler
                0x08033b34                WWDG_IRQHandler
                0x08033b34                COMP7_IRQHandler
                0x08033b34                COMP1_2_3_IRQHandler
                0x08033b34                COMP4_5_6_IRQHandler
                0x08033b34                I2C2_ER_IRQHandler
                0x08033b34                TIM8_BRK_IRQHandler
                0x08033b34                CAN1_SCE_IRQHandler
                0x08033b34                FLASH_IRQHandler
                0x08033b34                SPI3_IRQHandler
                0x08033b34                I2C1_ER_IRQHandler
 *fill*         0x08033b36        0x2 
 .text.unlikely
                0x08033b38      0x194 C:\cygwin64\tmp\ccTUqUH8.ltrans2.ltrans.o
                0x08033b38                afatfs_chdir.part.19
                0x08033b90                Standard_ClearFeature
                0x08033c94                vtxUpdateBandAndChannel.lto_priv.674
 .text.startup  0x08033ccc        0xc C:\cygwin64\tmp\ccTUqUH8.ltrans5.ltrans.o
                0x08033ccc                main
 .text.unlikely
                0x08033cd8      0x114 C:\cygwin64\tmp\ccTUqUH8.ltrans5.ltrans.o
                0x08033cd8                enableGPIOPowerUsageAndNoiseReductions
                0x08033d54                SetSysClock
 .text.atoi     0x08033dec        0x8 d:/gcc-arm-none-eabi-7-2017-q4-major-win32/bin/../lib/gcc/arm-none-eabi/7.2.1/../../../../arm-none-eabi/lib/thumb/v7e-m/fpv4-sp/hard\libc_nano.a(lib_a-atoi.o)
                0x08033dec                atoi
 .text.memcpy   0x08033df4       0x16 d:/gcc-arm-none-eabi-7-2017-q4-major-win32/bin/../lib/gcc/arm-none-eabi/7.2.1/../../../../arm-none-eabi/lib/thumb/v7e-m/fpv4-sp/hard\libc_nano.a(lib_a-memcpy-stub.o)
                0x08033df4                memcpy
 .text.__strtok_r
                0x08033e0a       0x54 d:/gcc-arm-none-eabi-7-2017-q4-major-win32/bin/../lib/gcc/arm-none-eabi/7.2.1/../../../../arm-none-eabi/lib/thumb/v7e-m/fpv4-sp/hard\libc_nano.a(lib_a-strtok_r.o)
                0x08033e0a                __strtok_r
 .text.strtok_r
                0x08033e5e        0x6 d:/gcc-arm-none-eabi-7-2017-q4-major-win32/bin/../lib/gcc/arm-none-eabi/7.2.1/../../../../arm-none-eabi/lib/thumb/v7e-m/fpv4-sp/hard\libc_nano.a(lib_a-strtok_r.o)
                0x08033e5e                strtok_r
 .text._strtol_l.isra.0
                0x08033e64       0xf6 d:/gcc-arm-none-eabi-7-2017-q4-major-win32/bin/../lib/gcc/arm-none-eabi/7.2.1/../../../../arm-none-eabi/lib/thumb/v7e-m/fpv4-sp/hard\libc_nano.a(lib_a-strtol.o)
 *fill*         0x08033f5a        0x2 
 .text.strtol   0x08033f5c       0x2c d:/gcc-arm-none-eabi-7-2017-q4-major-win32/bin/../lib/gcc/arm-none-eabi/7.2.1/../../../../arm-none-eabi/lib/thumb/v7e-m/fpv4-sp/hard\libc_nano.a(lib_a-strtol.o)
                0x08033f5c                strtol
 .text.__locale_ctype_ptr_l
                0x08033f88        0x6 d:/gcc-arm-none-eabi-7-2017-q4-major-win32/bin/../lib/gcc/arm-none-eabi/7.2.1/../../../../arm-none-eabi/lib/thumb/v7e-m/fpv4-sp/hard\libc_nano.a(lib_a-locale.o)
                0x08033f88                __locale_ctype_ptr_l
 .text.__ascii_mbtowc
                0x08033f8e       0x24 d:/gcc-arm-none-eabi-7-2017-q4-major-win32/bin/../lib/gcc/arm-none-eabi/7.2.1/../../../../arm-none-eabi/lib/thumb/v7e-m/fpv4-sp/hard\libc_nano.a(lib_a-mbtowc_r.o)
                0x08033f8e                __ascii_mbtowc
 .text.__ascii_wctomb
                0x08033fb2       0x1a d:/gcc-arm-none-eabi-7-2017-q4-major-win32/bin/../lib/gcc/arm-none-eabi/7.2.1/../../../../arm-none-eabi/lib/thumb/v7e-m/fpv4-sp/hard\libc_nano.a(lib_a-wctomb_r.o)
                0x08033fb2                __ascii_wctomb
 .text.__errno  0x08033fcc        0xc d:/gcc-arm-none-eabi-7-2017-q4-major-win32/bin/../lib/gcc/arm-none-eabi/7.2.1/../../../../arm-none-eabi/lib/thumb/v7e-m/fpv4-sp/hard\libc_nano.a(lib_a-errno.o)
                0x08033fcc                __errno
 .text.memcmp   0x08033fd8       0x1e d:/gcc-arm-none-eabi-7-2017-q4-major-win32/bin/../lib/gcc/arm-none-eabi/7.2.1/../../../../arm-none-eabi/lib/thumb/v7e-m/fpv4-sp/hard\libc_nano.a(lib_a-memcmp.o)
                0x08033fd8                memcmp
 .text.memmove  0x08033ff6       0x32 d:/gcc-arm-none-eabi-7-2017-q4-major-win32/bin/../lib/gcc/arm-none-eabi/7.2.1/../../../../arm-none-eabi/lib/thumb/v7e-m/fpv4-sp/hard\libc_nano.a(lib_a-memmove.o)
                0x08033ff6                memmove
 .text.memset   0x08034028       0x10 d:/gcc-arm-none-eabi-7-2017-q4-major-win32/bin/../lib/gcc/arm-none-eabi/7.2.1/../../../../arm-none-eabi/lib/thumb/v7e-m/fpv4-sp/hard\libc_nano.a(lib_a-memset.o)
                0x08034028                memset
 .text.strcat   0x08034038       0x1e d:/gcc-arm-none-eabi-7-2017-q4-major-win32/bin/../lib/gcc/arm-none-eabi/7.2.1/../../../../arm-none-eabi/lib/thumb/v7e-m/fpv4-sp/hard\libc_nano.a(lib_a-strcat.o)
                0x08034038                strcat
 .text.strchr   0x08034056       0x1a d:/gcc-arm-none-eabi-7-2017-q4-major-win32/bin/../lib/gcc/arm-none-eabi/7.2.1/../../../../arm-none-eabi/lib/thumb/v7e-m/fpv4-sp/hard\libc_nano.a(lib_a-strchr.o)
                0x08034056                strchr
 .text.strcpy   0x08034070       0x10 d:/gcc-arm-none-eabi-7-2017-q4-major-win32/bin/../lib/gcc/arm-none-eabi/7.2.1/../../../../arm-none-eabi/lib/thumb/v7e-m/fpv4-sp/hard\libc_nano.a(lib_a-strcpy.o)
                0x08034070                strcpy
 .text.strncmp  0x08034080       0x24 d:/gcc-arm-none-eabi-7-2017-q4-major-win32/bin/../lib/gcc/arm-none-eabi/7.2.1/../../../../arm-none-eabi/lib/thumb/v7e-m/fpv4-sp/hard\libc_nano.a(lib_a-strncmp.o)
                0x08034080                strncmp
 .text.strncpy  0x080340a4       0x2a d:/gcc-arm-none-eabi-7-2017-q4-major-win32/bin/../lib/gcc/arm-none-eabi/7.2.1/../../../../arm-none-eabi/lib/thumb/v7e-m/fpv4-sp/hard\libc_nano.a(lib_a-strncpy.o)
                0x080340a4                strncpy
 .text.strstr   0x080340ce       0x34 d:/gcc-arm-none-eabi-7-2017-q4-major-win32/bin/../lib/gcc/arm-none-eabi/7.2.1/../../../../arm-none-eabi/lib/thumb/v7e-m/fpv4-sp/hard\libc_nano.a(lib_a-strstr.o)
                0x080340ce                strstr
 *fill*         0x08034102        0x6 
 .text.ceil     0x08034108      0x110 d:/gcc-arm-none-eabi-7-2017-q4-major-win32/bin/../lib/gcc/arm-none-eabi/7.2.1/../../../../arm-none-eabi/lib/thumb/v7e-m/fpv4-sp/hard\libm.a(lib_a-s_ceil.o)
                0x08034108                ceil
 .text.ceilf    0x08034218       0x8c d:/gcc-arm-none-eabi-7-2017-q4-major-win32/bin/../lib/gcc/arm-none-eabi/7.2.1/../../../../arm-none-eabi/lib/thumb/v7e-m/fpv4-sp/hard\libm.a(lib_a-sf_ceil.o)
                0x08034218                ceilf
 .text.log2f    0x080342a4      0x13c d:/gcc-arm-none-eabi-7-2017-q4-major-win32/bin/../lib/gcc/arm-none-eabi/7.2.1/../../../../arm-none-eabi/lib/thumb/v7e-m/fpv4-sp/hard\libm.a(lib_a-sf_log2.o)
                0x080342a4                log2f
 .text.lrintf   0x080343e0       0x98 d:/gcc-arm-none-eabi-7-2017-q4-major-win32/bin/../lib/gcc/arm-none-eabi/7.2.1/../../../../arm-none-eabi/lib/thumb/v7e-m/fpv4-sp/hard\libm.a(lib_a-sf_lrint.o)
                0x080343e0                lrintf
 .text.powf     0x08034478      0x3a8 d:/gcc-arm-none-eabi-7-2017-q4-major-win32/bin/../lib/gcc/arm-none-eabi/7.2.1/../../../../arm-none-eabi/lib/thumb/v7e-m/fpv4-sp/hard\libm.a(lib_a-sf_pow.o)
                0x08034478                powf
 .text.with_errnof
                0x08034820       0x1c d:/gcc-arm-none-eabi-7-2017-q4-major-win32/bin/../lib/gcc/arm-none-eabi/7.2.1/../../../../arm-none-eabi/lib/thumb/v7e-m/fpv4-sp/hard\libm.a(lib_a-math_errf.o)
 .text.xflowf   0x0803483c       0x20 d:/gcc-arm-none-eabi-7-2017-q4-major-win32/bin/../lib/gcc/arm-none-eabi/7.2.1/../../../../arm-none-eabi/lib/thumb/v7e-m/fpv4-sp/hard\libm.a(lib_a-math_errf.o)
 .text.__math_uflowf
                0x0803485c        0xc d:/gcc-arm-none-eabi-7-2017-q4-major-win32/bin/../lib/gcc/arm-none-eabi/7.2.1/../../../../arm-none-eabi/lib/thumb/v7e-m/fpv4-sp/hard\libm.a(lib_a-math_errf.o)
                0x0803485c                __math_uflowf
 .text.__math_may_uflowf
                0x08034868        0xc d:/gcc-arm-none-eabi-7-2017-q4-major-win32/bin/../lib/gcc/arm-none-eabi/7.2.1/../../../../arm-none-eabi/lib/thumb/v7e-m/fpv4-sp/hard\libm.a(lib_a-math_errf.o)
                0x08034868                __math_may_uflowf
 .text.__math_oflowf
                0x08034874        0xc d:/gcc-arm-none-eabi-7-2017-q4-major-win32/bin/../lib/gcc/arm-none-eabi/7.2.1/../../../../arm-none-eabi/lib/thumb/v7e-m/fpv4-sp/hard\libm.a(lib_a-math_errf.o)
                0x08034874                __math_oflowf
 .text.__math_divzerof
                0x08034880       0x24 d:/gcc-arm-none-eabi-7-2017-q4-major-win32/bin/../lib/gcc/arm-none-eabi/7.2.1/../../../../arm-none-eabi/lib/thumb/v7e-m/fpv4-sp/hard\libm.a(lib_a-math_errf.o)
                0x08034880                __math_divzerof
 .text.__math_invalidf
                0x080348a4       0x20 d:/gcc-arm-none-eabi-7-2017-q4-major-win32/bin/../lib/gcc/arm-none-eabi/7.2.1/../../../../arm-none-eabi/lib/thumb/v7e-m/fpv4-sp/hard\libm.a(lib_a-math_errf.o)
                0x080348a4                __math_invalidf
 *(.rodata)
 .rodata        0x080348c4      0x11c C:\cygwin64\tmp\ccTUqUH8.ltrans0.ltrans.o
 .rodata        0x080349e0      0x534 C:\cygwin64\tmp\ccTUqUH8.ltrans1.ltrans.o
                0x080349fc                baudRates
                0x08034a44                rcChannelLetters
                0x08034dec                osdTimerSourceNames
                0x08034df8                trampPowerNames
                0x08034e3c                debugModeNames
                0x08034ed8                saPowerNames
                0x08034eec                vtx58BandNames
                0x08034f04                buildTime
                0x08034f08                buildDate
                0x08034f0c                targetName
                0x08034f10                shortGitRevision
 .rodata        0x08034f14      0x1c8 C:\cygwin64\tmp\ccTUqUH8.ltrans2.ltrans.o
                0x08034f14                saPowerTable
                0x08034fdc                trampPowerTable
                0x08034fe6                vtx58frequencyTable
                0x08035036                vtx58BandLetter
                0x08035040                vtx58ChannelNames
                0x080350d8                estimatedAltitude.lto_priv.555
 .rodata        0x080350dc     0x16bb C:\cygwin64\tmp\ccTUqUH8.ltrans3.ltrans.o
                0x080350dc                servoMixers
                0x080351c0                _reset_template_123.11263.lto_priv.494
                0x08035438                cmdTable
                0x080362b0                armingDisableFlagNames
                0x0803636c                beeperTable
                0x08036508                servoMixerAirplane.lto_priv.667
                0x0803652c                servoMixerFlyingWing.lto_priv.666
                0x08036550                servoMixerGimbal.lto_priv.665
                0x08036560                servoMixerTri.lto_priv.664
                0x08036718                beep_camCloseBeep.lto_priv.550
                0x0803671c                beep_camOpenBeep.lto_priv.549
                0x08036724                beep_armedBeep.lto_priv.548
                0x0803672c                beep_disarmRepeatBeep.lto_priv.547
                0x08036730                beep_readyBeep.lto_priv.546
                0x08036740                beep_2longerBeeps.lto_priv.545
                0x08036748                beep_2shortBeeps.lto_priv.544
                0x08036750                beep_shortBeep.lto_priv.543
                0x08036754                beep_lowBatteryBeep.lto_priv.542
                0x08036758                beep_critBatteryBeep.lto_priv.541
                0x0803675c                beep_armedGpsFix.lto_priv.540
                0x08036768                beep_armingBeep.lto_priv.539
                0x08036770                beep_disarmBeep.lto_priv.538
                0x08036778                beep_sos.lto_priv.537
                0x0803678c                beep_txLostBeep.lto_priv.536
                0x08036790                beep_gyroCalibrated.lto_priv.535
 *fill*         0x08036797        0x1 
 .rodata        0x08036798      0x3b8 C:\cygwin64\tmp\ccTUqUH8.ltrans4.ltrans.o
 .rodata        0x08036b50      0x166 C:\cygwin64\tmp\ccTUqUH8.ltrans5.ltrans.o
 *fill*         0x08036cb6        0x2 
 .rodata        0x08036cb8      0x58a C:\cygwin64\tmp\ccTUqUH8.ltrans6.ltrans.o
                0x08036cb8                ioPortDefs
                0x08036cc0                timerHardware
                0x08036e04                ioDefUsedMask.lto_priv.297
                0x08036e10                ioDefUsedOffset.lto_priv.298
                0x08036e30                mixers
                0x08036f08                directionCodes.lto_priv.317
                0x08036f10                baseFunctionCodes.lto_priv.318
                0x08036f18                overlayCodes.lto_priv.319
                0x08036fcc                mixerQuadX1234.lto_priv.455
                0x0803700c                mixerAtail4.lto_priv.454
                0x0803704c                mixerVtail4.lto_priv.453
                0x0803708c                mixerHex6X.lto_priv.452
                0x080370ec                mixerY4.lto_priv.451
                0x0803712c                mixerSingleProp.lto_priv.450
                0x0803713c                mixerQuadX.lto_priv.449
                0x0803717c                mixerQuadP.lto_priv.448
                0x080371bc                mixerTricopter.lto_priv.447
                0x080371ec                Device_Table
                0x08037234                serialPortIdentifiers
                0x0803723c                SystemCoreClock
                0x08037240                max7456SpiClock.lto_priv.321
 *(.rodata*)
 *fill*         0x08037242        0x2 
 .rodata.str1.4
                0x08037244       0x7e C:\cygwin64\tmp\ccTUqUH8.ltrans0.ltrans.o
 .rodata.str1.1
                0x080372c2       0x59 C:\cygwin64\tmp\ccTUqUH8.ltrans1.ltrans.o
                                 0x65 (size before relaxing)
 *fill*         0x0803731b        0x1 
 .rodata.str1.4
                0x0803731c      0xfbb C:\cygwin64\tmp\ccTUqUH8.ltrans1.ltrans.o
                               0x1053 (size before relaxing)
 .rodata.str1.1
                0x080382d7        0xd C:\cygwin64\tmp\ccTUqUH8.ltrans2.ltrans.o
                                 0x16 (size before relaxing)
 .rodata.str1.4
                0x080382e4       0x46 C:\cygwin64\tmp\ccTUqUH8.ltrans2.ltrans.o
                                 0x5a (size before relaxing)
 .rodata.str1.1
                0x0803832a      0x8e3 C:\cygwin64\tmp\ccTUqUH8.ltrans3.ltrans.o
                                0x946 (size before relaxing)
 *fill*         0x08038c0d        0x3 
 .rodata.str1.4
                0x08038c10     0x1978 C:\cygwin64\tmp\ccTUqUH8.ltrans3.ltrans.o
                               0x1c44 (size before relaxing)
 .rodata.str1.1
                0x0803a588       0x2c C:\cygwin64\tmp\ccTUqUH8.ltrans4.ltrans.o
                                 0x32 (size before relaxing)
 .rodata.str1.4
                0x0803a5b4      0x195 C:\cygwin64\tmp\ccTUqUH8.ltrans4.ltrans.o
                                0x215 (size before relaxing)
 .rodata.str1.1
                0x0803a749      0x1cb C:\cygwin64\tmp\ccTUqUH8.ltrans5.ltrans.o
                                0x1ef (size before relaxing)
 .rodata.str1.4
                0x0803a914       0x76 C:\cygwin64\tmp\ccTUqUH8.ltrans5.ltrans.o
 *fill*         0x0803a98a        0x2 
 .rodata.str1.4
                0x0803a98c       0x10 C:\cygwin64\tmp\ccTUqUH8.ltrans6.ltrans.o
                                 0x37 (size before relaxing)
 .rodata._setlocale_r.str1.1
                0x0803a99c        0x6 d:/gcc-arm-none-eabi-7-2017-q4-major-win32/bin/../lib/gcc/arm-none-eabi/7.2.1/../../../../arm-none-eabi/lib/thumb/v7e-m/fpv4-sp/hard\libc_nano.a(lib_a-locale.o)
                                  0x9 (size before relaxing)
 .rodata.str1.1
                0x0803a9a2        0x6 d:/gcc-arm-none-eabi-7-2017-q4-major-win32/bin/../lib/gcc/arm-none-eabi/7.2.1/../../../../arm-none-eabi/lib/thumb/v7e-m/fpv4-sp/hard\libc_nano.a(lib_a-locale.o)
                                  0x2 (size before relaxing)
 .rodata._ctype_
                0x0803a9a2      0x101 d:/gcc-arm-none-eabi-7-2017-q4-major-win32/bin/../lib/gcc/arm-none-eabi/7.2.1/../../../../arm-none-eabi/lib/thumb/v7e-m/fpv4-sp/hard\libc_nano.a(lib_a-ctype_.o)
                0x0803a9a2                _ctype_
 *fill*         0x0803aaa3        0x5 
 .rodata.__log2f_data
                0x0803aaa8      0x120 d:/gcc-arm-none-eabi-7-2017-q4-major-win32/bin/../lib/gcc/arm-none-eabi/7.2.1/../../../../arm-none-eabi/lib/thumb/v7e-m/fpv4-sp/hard\libm.a(lib_a-sf_log2_data.o)
                0x0803aaa8                __log2f_data
 .rodata.TWO23  0x0803abc8        0x8 d:/gcc-arm-none-eabi-7-2017-q4-major-win32/bin/../lib/gcc/arm-none-eabi/7.2.1/../../../../arm-none-eabi/lib/thumb/v7e-m/fpv4-sp/hard\libm.a(lib_a-sf_lrint.o)
 .rodata.__powf_log2_data
                0x0803abd0      0x128 d:/gcc-arm-none-eabi-7-2017-q4-major-win32/bin/../lib/gcc/arm-none-eabi/7.2.1/../../../../arm-none-eabi/lib/thumb/v7e-m/fpv4-sp/hard\libm.a(lib_a-sf_pow_log2_data.o)
                0x0803abd0                __powf_log2_data
 .rodata.__exp2f_data
                0x0803acf8      0x148 d:/gcc-arm-none-eabi-7-2017-q4-major-win32/bin/../lib/gcc/arm-none-eabi/7.2.1/../../../../arm-none-eabi/lib/thumb/v7e-m/fpv4-sp/hard\libm.a(lib_a-sf_exp2_data.o)
                0x0803acf8                __exp2f_data
 *(.glue_7)
 .glue_7        0x0803ae40        0x0 linker stubs
 *(.glue_7t)
 .glue_7t       0x0803ae40        0x0 linker stubs
 *(.eh_frame)
 *(.init)
 *(.fini)
                0x0803ae40                . = ALIGN (0x4)
                0x0803ae40                _etext = .

.vfp11_veneer   0x0803ae40        0x0
 .vfp11_veneer  0x0803ae40        0x0 linker stubs

.v4_bx          0x0803ae40        0x0
 .v4_bx         0x0803ae40        0x0 linker stubs

.iplt           0x0803ae40        0x0
 .iplt          0x0803ae40        0x0 obj/main/BETAFLIGHTF3/startup_stm32f30x_md_gcc.o

.ARM.extab
 *(.ARM.extab* .gnu.linkonce.armextab.*)

.ARM            0x0803ae40        0x8
                0x0803ae40                __exidx_start = .
 *(.ARM.exidx*)
 .ARM.exidx     0x0803ae40        0x8 d:/gcc-arm-none-eabi-7-2017-q4-major-win32/bin/../lib/gcc/arm-none-eabi/7.2.1/thumb/v7e-m/fpv4-sp/hard\libgcc.a(_udivmoddi4.o)
                0x0803ae48                __exidx_end = .

.preinit_array  0x0803ae48        0x0
                [!provide]                PROVIDE (__preinit_array_start, .)
 *(.preinit_array*)
                [!provide]                PROVIDE (__preinit_array_end, .)

.init_array     0x0803ae48        0x0
                [!provide]                PROVIDE (__init_array_start, .)
 *(SORT_BY_NAME(.init_array.*))
 *(.init_array*)
                [!provide]                PROVIDE (__init_array_end, .)

.fini_array     0x0803ae48        0x0
                [!provide]                PROVIDE (__fini_array_start, .)
 *(.fini_array*)
 *(SORT_BY_NAME(.fini_array.*))
                [!provide]                PROVIDE (__fini_array_end, .)

.pg_registry    0x0803ae48      0x488
                0x0803ae48                PROVIDE (__pg_registry_start, .)
 *(.pg_registry)
 .pg_registry   0x0803ae48      0x168 C:\cygwin64\tmp\ccTUqUH8.ltrans1.ltrans.o
                0x0803ae48                rxChannelRangeConfigs_Registry
                0x0803ae5c                rxFailsafeChannelConfigs_Registry
                0x0803ae70                modeActivationConditions_Registry
                0x0803ae84                mixerConfig_Registry
                0x0803ae98                timeConfig_Registry
                0x0803aeac                armingConfig_Registry
                0x0803aec0                compassConfig_Registry
                0x0803aed4                accelerometerConfig_Registry
                0x0803aee8                rcControlsConfig_Registry
                0x0803aefc                pidConfig_Registry
                0x0803af10                currentSensorADCConfig_Registry
                0x0803af24                pilotConfig_Registry
                0x0803af38                blackboxConfig_Registry
                0x0803af4c                controlRateProfiles_Registry
                0x0803af60                pidProfiles_Registry
                0x0803af74                featureConfig_Registry
                0x0803af88                voltageSensorADCConfig_Registry
                0x0803af9c                osdConfig_Registry
 .pg_registry   0x0803afb0       0xb4 C:\cygwin64\tmp\ccTUqUH8.ltrans2.ltrans.o
                0x0803afb0                escSerialConfig_Registry
                0x0803afc4                displayPortProfileMax7456_Registry
                0x0803afd8                displayPortProfileMsp_Registry
                0x0803afec                ledStripConfig_Registry
                0x0803b000                barometerConfig_Registry
                0x0803b014                batteryConfig_Registry
                0x0803b028                telemetryConfig_Registry
                0x0803b03c                escSensorConfig_Registry
                0x0803b050                vtxSettingsConfig_Registry
 .pg_registry   0x0803b064       0xb4 C:\cygwin64\tmp\ccTUqUH8.ltrans3.ltrans.o
                0x0803b064                gimbalConfig_Registry
                0x0803b078                throttleCorrectionConfig_Registry
                0x0803b08c                failsafeConfig_Registry
                0x0803b0a0                flight3DConfig_Registry
                0x0803b0b4                vtxConfig_Registry
                0x0803b0c8                adjustmentRanges_Registry
                0x0803b0dc                beeperConfig_Registry
                0x0803b0f0                customServoMixers_Registry
                0x0803b104                servoParams_Registry
 .pg_registry   0x0803b118       0x78 C:\cygwin64\tmp\ccTUqUH8.ltrans4.ltrans.o
                0x0803b118                imuConfig_Registry
                0x0803b12c                currentSensorVirtualConfig_Registry
                0x0803b140                boardAlignment_Registry
                0x0803b154                spiPinConfig_Registry
                0x0803b168                beeperDevConfig_Registry
                0x0803b17c                cameraControlConfig_Registry
 .pg_registry   0x0803b190       0x14 C:\cygwin64\tmp\ccTUqUH8.ltrans5.ltrans.o
                0x0803b190                tricopterMixerConfig_Registry
 .pg_registry   0x0803b1a4      0x12c C:\cygwin64\tmp\ccTUqUH8.ltrans6.ltrans.o
                0x0803b1a4                customMotorMixer_Registry
                0x0803b1b8                statusLedConfig_Registry
                0x0803b1cc                rxConfig_Registry
                0x0803b1e0                serialPinConfig_Registry
                0x0803b1f4                motorConfig_Registry
                0x0803b208                ppmConfig_Registry
                0x0803b21c                pwmConfig_Registry
                0x0803b230                gyroConfig_Registry
                0x0803b244                servoConfig_Registry
                0x0803b258                vcdProfile_Registry
                0x0803b26c                max7456Config_Registry
                0x0803b280                systemConfig_Registry
                0x0803b294                sdcardConfig_Registry
                0x0803b2a8                serialConfig_Registry
                0x0803b2bc                adcConfig_Registry
 *(SORT_BY_NAME(.pg_registry.*))
                0x0803b2d0                PROVIDE (__pg_registry_end, .)

.pg_resetdata   0x0803b2d0      0x104
                0x0803b2d0                PROVIDE (__pg_resetdata_start, .)
 *(.pg_resetdata)
 .pg_resetdata  0x0803b2d0       0x30 C:\cygwin64\tmp\ccTUqUH8.ltrans1.ltrans.o
                0x0803b2d0                pgResetTemplate_mixerConfig
                0x0803b2d2                pgResetTemplate_timeConfig
                0x0803b2d4                pgResetTemplate_armingConfig
                0x0803b2d8                pgResetTemplate_rcControlsConfig
                0x0803b2de                pgResetTemplate_pidConfig
                0x0803b2e0                pgResetTemplate_currentSensorADCConfig
                0x0803b2e4                pgResetTemplate_pilotConfig
                0x0803b2f6                pgResetTemplate_blackboxConfig
                0x0803b2fc                pgResetTemplate_featureConfig
 .pg_resetdata  0x0803b300       0x3a C:\cygwin64\tmp\ccTUqUH8.ltrans2.ltrans.o
                0x0803b300                pgResetTemplate_escSerialConfig
                0x0803b302                pgResetTemplate_batteryConfig
                0x0803b312                pgResetTemplate_telemetryConfig
                0x0803b32e                pgResetTemplate_escSensorConfig
                0x0803b330                pgResetTemplate_vtxSettingsConfig
 *fill*         0x0803b33a        0x2 
 .pg_resetdata  0x0803b33c       0x54 C:\cygwin64\tmp\ccTUqUH8.ltrans3.ltrans.o
                0x0803b33c                pgResetTemplate_throttleCorrectionConfig
                0x0803b340                pgResetTemplate_failsafeConfig
                0x0803b348                pgResetTemplate_flight3DConfig
                0x0803b350                pgResetTemplate_vtxConfig
                0x0803b384                pgResetTemplate_beeperConfig
 .pg_resetdata  0x0803b390       0x18 C:\cygwin64\tmp\ccTUqUH8.ltrans4.ltrans.o
                0x0803b390                pgResetTemplate_imuConfig
                0x0803b398                pgResetTemplate_beeperDevConfig
                0x0803b39e                pgResetTemplate_cameraControlConfig
 .pg_resetdata  0x0803b3a8        0x1 C:\cygwin64\tmp\ccTUqUH8.ltrans5.ltrans.o
                0x0803b3a8                pgResetTemplate_tricopterMixerConfig
 *fill*         0x0803b3a9        0x1 
 .pg_resetdata  0x0803b3aa       0x2a C:\cygwin64\tmp\ccTUqUH8.ltrans6.ltrans.o
                0x0803b3aa                pgResetTemplate_gyroConfig
                0x0803b3c6                pgResetTemplate_max7456Config
                0x0803b3c8                pgResetTemplate_systemConfig
                0x0803b3d4                PROVIDE (__pg_resetdata_end, .)
                0x0803b3d4                _sidata = .

.rel.dyn        0x0803b3d4        0x0
 .rel.iplt      0x0803b3d4        0x0 obj/main/BETAFLIGHTF3/startup_stm32f30x_md_gcc.o

.data           0x20000000     0x229c load address 0x0803b3d4
                0x20000000                . = ALIGN (0x4)
                0x20000000                _sdata = .
 *(.data)
 .data          0x20000000        0x3 C:\cygwin64\tmp\ccTUqUH8.ltrans0.ltrans.o
 *fill*         0x20000003        0x1 
 .data          0x20000004     0x19ac C:\cygwin64\tmp\ccTUqUH8.ltrans1.ltrans.o
                0x200001f8                rxIsInFailsafeModeNotDataDriven.lto_priv.611
                0x200001f9                rxIsInFailsafeMode.lto_priv.612
                0x20000208                cmsCurrentDevice.lto_priv.479
                0x20000237                standardBoardAlignment.lto_priv.481
 .data          0x200019b0       0x90 C:\cygwin64\tmp\ccTUqUH8.ltrans2.ltrans.o
                0x200019b0                saDevice
                0x200019c4                maxScreenSize
                0x200019c7                videoSignalReg.lto_priv.692
                0x200019f8                trampCmsStatusString
                0x20001a30                sa_smartbaud
                0x20001a3c                vtxControl_ipc.lto_priv.344
 .data          0x20001a40      0x430 C:\cygwin64\tmp\ccTUqUH8.ltrans3.ltrans.o
                0x20001a40                q.lto_priv.587
                0x20001a50                qP.lto_priv.463
                0x20001a78                headfree
                0x20001a88                cfTasks
                0x20001e68                isUsingSticksToArm.lto_priv.495
 .data          0x20001e70       0x6c C:\cygwin64\tmp\ccTUqUH8.ltrans4.ltrans.o
                0x20001e94                offset
 .data          0x20001edc       0x15 C:\cygwin64\tmp\ccTUqUH8.ltrans5.ltrans.o
 *fill*         0x20001ef1        0x3 
 .data          0x20001ef4      0x1d5 C:\cygwin64\tmp\ccTUqUH8.ltrans6.ltrans.o
                0x20001f48                Device_Property
                0x20001f78                dmaDescriptors.lto_priv.412
                0x200020c8                ppmCountDivisor.lto_priv.470
 *(.data*)
 *fill*         0x200020c9        0x3 
 .data._impure_ptr
                0x200020cc        0x4 d:/gcc-arm-none-eabi-7-2017-q4-major-win32/bin/../lib/gcc/arm-none-eabi/7.2.1/../../../../arm-none-eabi/lib/thumb/v7e-m/fpv4-sp/hard\libc_nano.a(lib_a-impure.o)
                0x200020cc                _impure_ptr
 .data.impure_data
                0x200020d0       0x60 d:/gcc-arm-none-eabi-7-2017-q4-major-win32/bin/../lib/gcc/arm-none-eabi/7.2.1/../../../../arm-none-eabi/lib/thumb/v7e-m/fpv4-sp/hard\libc_nano.a(lib_a-impure.o)
 .data.__global_locale
                0x20002130      0x16c d:/gcc-arm-none-eabi-7-2017-q4-major-win32/bin/../lib/gcc/arm-none-eabi/7.2.1/../../../../arm-none-eabi/lib/thumb/v7e-m/fpv4-sp/hard\libc_nano.a(lib_a-locale.o)
                0x20002130                __global_locale
                0x2000229c                . = ALIGN (0x4)
                0x2000229c                _edata = .

.igot.plt       0x2000229c        0x0 load address 0x0803d670
 .igot.plt      0x2000229c        0x0 obj/main/BETAFLIGHTF3/startup_stm32f30x_md_gcc.o
                0x2000229c                . = ALIGN (0x4)

.bss            0x200022a0     0x772c load address 0x0803d670
                0x200022a0                _sbss = .
                0x200022a0                __bss_start__ = _sbss
 *(.bss)
 .bss           0x200022a0      0x1b8 C:\cygwin64\tmp\ccTUqUH8.ltrans0.ltrans.o
                0x20002408                printfSerialPort.lto_priv.683
 .bss           0x20002458     0x1102 C:\cygwin64\tmp\ccTUqUH8.ltrans1.ltrans.o
                0x20002466                osdConfig_System
                0x20002535                voltageSensorADCConfig_SystemArray
                0x2000254a                pidProfiles_SystemArray
                0x2000265a                controlRateProfiles_SystemArray
                0x2000269c                blackboxState.lto_priv.423
                0x2000269e                blackboxConfig_System
                0x200026bc                blackboxSDCard.lto_priv.688
                0x200026de                blackboxIInterval.lto_priv.490
                0x200026e4                blackboxPInterval.lto_priv.554
                0x20002742                rssiSource
                0x20002743                rssiSampleIndex.10942.lto_priv.592
                0x20002744                sum.10943.lto_priv.591
                0x20002748                rssiSamples.10941.lto_priv.593
                0x20002874                telemetryBuf.lto_priv.566
                0x20002889                telemetryBufLen.lto_priv.568
                0x200028c0                head.lto_priv.623
                0x20002988                rxSignalReceivedNotDataDriven.lto_priv.610
                0x20002989                ppmFrameCount.lto_priv.471
                0x2000298b                rxDataProcessingRequired.lto_priv.604
                0x20002990                captures.lto_priv.468
                0x200029a8                rxRuntimeConfig
                0x200029c0                rxNextUpdateAtUs.lto_priv.605
                0x200029c4                auxiliaryProcessingRequired.lto_priv.603
                0x200029c8                mspFrame.lto_priv.496
                0x200029ec                rxMspFrameDone.lto_priv.497
                0x20002a5c                escHardware
                0x20002a90                featureConfig_System
                0x20002b08                cmsDeviceCount.lto_priv.478
                0x20002b4c                axisPID_P
                0x20002b58                axisPID_I
                0x20002b64                axisPID_D
                0x20002b70                motor
                0x20002b90                servo
                0x20002ba4                targetPidLooptime
                0x20002d04                mixerConfig_System
                0x20002d14                armingBeepTimeMicros.lto_priv.489
                0x20002d1c                rcModeActivationMask
                0x20002d40                BIT_COMPARE_0
                0x20002d42                BIT_COMPARE_1
                0x20002d48                ws2811Initialised
                0x20002d4c                dmaRef.lto_priv.696
                0x20002d50                timer.lto_priv.695
                0x20002d54                xmitState.lto_priv.466
                0x20002d5d                stateFlags
                0x20002d5e                rxFlightChannelsValid.lto_priv.613
                0x20002d6c                motorOutputLow
                0x20002d70                motorOutputHigh
                0x20002d74                timeConfig_System
                0x20002d78                pilotConfig_System
                0x20002d8c                currentSensorADCConfig_System
                0x20002d90                pidConfig_System
                0x20002d94                rcControlsConfig_System
                0x20002d9c                accelerometerConfig_System
                0x20002dac                compassConfig_System
                0x20002dbc                armingConfig_System
                0x20002dc4                overflowAxisMask.lto_priv.442
                0x20002dc5                gyroDebugMode.lto_priv.431
                0x20002dc6                firstArmingCalibrationWasStarted
                0x20002dc8                fftSamplingScale.lto_priv.432
                0x20002dcc                fftMaxFreq.lto_priv.439
                0x20002dce                fftBinCount.lto_priv.436
                0x20002dd0                fftResolution.lto_priv.438
                0x20002dd4                fftInstance.lto_priv.435
                0x20002dec                gyroData.lto_priv.434
                0x20002f6c                hanningWindow.lto_priv.441
                0x20002fec                fftFreqFilter.lto_priv.440
                0x20003058                fftGyroFilter.lto_priv.433
                0x200030c4                fftResult.lto_priv.437
                0x200030dc                boardRotation.lto_priv.482
                0x20003100                accLpfCutHz.lto_priv.614
                0x20003104                accFilter.lto_priv.615
                0x20003170                suspendRxSignalUntil.lto_priv.607
                0x20003174                skipRxSamples.lto_priv.606
                0x20003175                rcSampleIndex.lto_priv.608
                0x20003178                rcInvalidPulsPeriod
                0x200031c0                modeActivationConditions_SystemArray
                0x20003224                dispatchEnabled.lto_priv.557
                0x20003294                rxChannelCount.lto_priv.609
                0x20003298                port.lto_priv.410
                0x2000329c                CRC_in.lto_priv.411
                0x2000329f                escCount.lto_priv.501
                0x200032a0                CRCout.lto_priv.409
                0x200032a4                rxChannelRangeConfigs_CopyArray
                0x200032b4                rxChannelRangeConfigs_SystemArray
                0x200032c4                rxFailsafeChannelConfigs_CopyArray
                0x200032e8                rxFailsafeChannelConfigs_SystemArray
                0x2000330c                modeActivationConditions_CopyArray
                0x20003370                mixerConfig_Copy
                0x200033ac                pilotConfig_Copy
                0x200034e4                featureConfig_Copy
 *fill*         0x2000355a        0x2 
 .bss           0x2000355c     0x138a C:\cygwin64\tmp\ccTUqUH8.ltrans2.ltrans.o
                0x20003564                trampPitMode
                0x20003566                trampConfiguredPower
                0x20003569                trampBand
                0x2000356a                trampChannel
                0x200035a1                motorCount.lto_priv.334
                0x200035b0                buffer.lto_priv.415
                0x200035be                bufferPosition.lto_priv.414
                0x200035bf                bufferSize.lto_priv.416
                0x200035c0                debugMode
                0x200035c4                debug
                0x20003638                smartPortWriteFrame.lto_priv.347
                0x2000363c                frSkyHubWriteByte.lto_priv.580
                0x20003648                ledStripConfig_System
                0x2000373c                ledColorBuffer.lto_priv.332
                0x200037c4                armingFlags
                0x200037c6                rxSignalReceived.lto_priv.340
                0x200037c8                rcCommand
                0x200037de                rssi.lto_priv.335
                0x200037e1                batteryState.lto_priv.413
                0x200037e4                batteryConfig_System
                0x200037f4                failsafeState.lto_priv.339
                0x20003818                armingDisableFlags.lto_priv.333
                0x2000381c                beeperIsOn.lto_priv.488
                0x200038a4                displayPortProfileMsp_System
                0x200038ac                screenBuffer.lto_priv.690
                0x20003ab4                blinkBits.lto_priv.477
                0x20003abc                resumeRefreshAt
                0x20003ac0                vtxDevice
                0x20003aca                vtxSettingsConfig_System
                0x20003ad8                frSkyHubPort.lto_priv.579
                0x20003adc                currentMeter.lto_priv.336
                0x20003af0                voltageMeter.lto_priv.337
                0x20003af6                ledStripInitialised.lto_priv.476
                0x20003af7                ws2811LedDataTransferInProgress
                0x20003b18                rcData
                0x20003b40                flightModeFlags
                0x20003b42                cliMode
                0x20003b43                max7456Lock.lto_priv.498
                0x20003b44                displayPortProfileMax7456_System
                0x20003b49                fontIsLoading.lto_priv.499
                0x20003b58                shadowBuffer.lto_priv.691
                0x20003f90                displayMemoryModeReg.lto_priv.689
                0x20003f9c                locked.lto_priv.602
                0x20003fa6                trampConfPower
                0x20003fa8                trampPower
                0x20003faa                trampPowerRetries
                0x20003fac                trampSerialPort.lto_priv.474
                0x20003fd8                trampTemperature
                0x2000400c                saCmsOpmodel
                0x2000400d                saCmsFselMode
                0x2000400e                saCmsBand
                0x2000400f                saCmsChan
                0x20004010                saCmsFreqRef
                0x20004012                saCmsPower
                0x20004014                saCmsUserFreq
                0x20004016                saCmsFselModeNew
                0x200041d4                telemetryConfig_System
                0x200041f0                batteryCellCount
                0x200041f4                enabledSensors.lto_priv.338
                0x200041f8                attitude
                0x20004200                acc
                0x2000423c                currentPidProfile
                0x20004240                currentControlRateProfile
                0x20004244                smartPortSerialPort.lto_priv.573
                0x20004248                hottPort.lto_priv.578
                0x2000424c                portConfig.lto_priv.311
                0x20004250                hottMsg.lto_priv.577
                0x20004254                hottIsSending.lto_priv.576
                0x20004258                crsfFrame.lto_priv.572
                0x20004298                telemetryBuf.lto_priv.565
                0x200042d8                telemetryBufLen.lto_priv.567
                0x200042d9                telemetryState.lto_priv.313
                0x200042dc                portConfig.lto_priv.310
                0x200042e0                telemetrySharedPort
                0x200042e4                frSkyHubPortSharing.lto_priv.581
                0x200042e5                hottPortSharing.lto_priv.582
                0x200042e6                hottTelemetryEnabled.lto_priv.574
                0x200042e7                telemetryState.lto_priv.314
                0x200042e8                smartPortPortSharing.lto_priv.583
                0x200042ec                portConfig.lto_priv.312
                0x200042f0                hottEAMMessage.lto_priv.575
                0x2000431c                crsfTelemetryEnabled.lto_priv.569
                0x20004320                serialPort.lto_priv.315
                0x20004324                deviceInfoReplyPending.lto_priv.346
                0x20004325                mspReplyPending.lto_priv.345
                0x20004328                crsfSchedule.lto_priv.571
                0x2000432c                crsfScheduleCount.lto_priv.570
                0x2000432d                srxlTelemetryEnabled.lto_priv.564
                0x20004330                serialPort.lto_priv.316
                0x20004334                mspRxBuffer.lto_priv.307
                0x20004398                ledStripDMABuffer
                0x20004718                cmsInMenu
                0x2000471a                rcdeviceInMenu
                0x20004734                escOutputs
                0x20004798                ledStripConfig_Copy
                0x2000489c                barometerConfig_System
 *fill*         0x200048e6        0x2 
 .bss           0x200048e8      0xac8 C:\cygwin64\tmp\ccTUqUH8.ltrans3.ltrans.o
                0x200048e8                customServoMixers_SystemArray
                0x2000495c                motor_disarmed
                0x200049a0                cliWriter.lto_priv.620
                0x200049b8                accumulatedMeasurementCount.lto_priv.616
                0x200049bc                accumulatedMeasurements.lto_priv.421
                0x200049c8                imuRuntimeConfig.lto_priv.624
                0x200049e4                checkFuncTotalExecutionTime
                0x200049e8                checkFuncMovingSumExecutionTime
                0x200049ec                checkFuncMaxExecutionTime
                0x200049f1                vtxConfig_System
                0x20004a24                eepromConfigSize.lto_priv.681
                0x20004a26                averageSystemLoadPercent
                0x20004a28                servoParams_SystemArray
                0x20004a88                adjustmentRanges_SystemArray
                0x20004ae4                cliPort.lto_priv.619
                0x20004c7c                currentMixerMode
                0x20004c80                useServo.lto_priv.480
                0x20004c88                dtermNotchFilterApplyFn.lto_priv.491
                0x20004cdc                dtermLpfApplyFn.lto_priv.492
                0x20004d3c                ptermYawFilterApplyFn.lto_priv.493
                0x20004db8                cliBuffer.lto_priv.622
                0x20004eb8                bufferIndex.lto_priv.621
                0x20004f44                flight3DConfig_System
                0x20004f5c                failsafeConfig_System
                0x20005090                currentTask.lto_priv.484
                0x200050c4                throttlePIDAttenuation.lto_priv.584
                0x20005108                inCrashRecoveryMode.lto_priv.594
                0x20005110                pidStabilisationEnabled.lto_priv.595
                0x20005118                flipOverAfterCrashMode.lto_priv.462
                0x20005138                reverseMotors.lto_priv.586
                0x20005140                throttleCorrectionConfig_System
                0x20005144                throttleAngleScale.lto_priv.625
                0x20005148                isRXDataNew
                0x200051a8                lookupThrottleRC.lto_priv.585
                0x200051c2                calibratingA.lto_priv.475
                0x200051c4                warningLedState.lto_priv.485
                0x200051c8                warningLedTimer.lto_priv.486
                0x200051cc                beeperConfig_System
                0x2000535c                beep_multiBeeps.lto_priv.461
                0x200053a0                mag
 .bss           0x200053b0      0xe48 C:\cygwin64\tmp\ccTUqUH8.ltrans4.ltrans.o
                0x200053bc                activeBoxIds.lto_priv.556
                0x20005464                voltageState.lto_priv.617
                0x20005466                batteryWarningVoltage
                0x20005468                batteryCriticalVoltage
                0x2000546c                lowVoltageCutoff.lto_priv.588
                0x20005474                consumptionState.lto_priv.618
                0x20005478                cameraControlRuntime.lto_priv.563
                0x2000548c                cameraControlConfig_System
                0x20005498                endTimeMillis.lto_priv.562
                0x2000549c                taskQueuePos.lto_priv.560
                0x200054a0                taskQueueArray.lto_priv.559
                0x200054f0                calculateTaskStatistics.lto_priv.558
                0x200054f4                taskQueueSize.lto_priv.561
                0x20005a0c                beeperNextToggleTime.lto_priv.599
                0x20005a10                beeperPos.lto_priv.598
                0x20005a14                currentBeeperEntry.lto_priv.597
                0x20005a18                disarmAt.lto_priv.589
                0x20005a1c                lastArmingDisabledReason.lto_priv.596
                0x20005a20                escMode
                0x20005a21                escPortIndex
                0x20005a24                imuConfig_System
                0x20005a2c                boardAlignment_System
                0x20005a38                started.lto_priv.682
                0x20005a40                lastMspRssiUpdateUs.lto_priv.590
                0x20006164                stdout_putf.lto_priv.685
                0x20006168                stdout_putp.lto_priv.684
                0x2000616c                systemState
                0x20006170                uartDevmap
                0x20006194                osdDisplayPort.lto_priv.686
                0x20006198                armState.lto_priv.687
                0x200061f4                pidProfile.lto_priv.601
 .bss           0x200061f8       0xa4 C:\cygwin64\tmp\ccTUqUH8.ltrans5.ltrans.o
 .bss           0x2000629c     0x3630 C:\cygwin64\tmp\ccTUqUH8.ltrans6.ltrans.o
                0x200062a0                pInformation
                0x200062ac                Device_Info
                0x20006310                sysTickUptime.lto_priv.301
                0x20006314                adcOperatingConfig
                0x20006328                adcConfig_System
                0x20006334                adcValues
                0x2000633c                ledInversion.lto_priv.464
                0x20006340                leds.lto_priv.465
                0x2000634c                beeperFrequency.lto_priv.426
                0x2000634e                beeperInverted.lto_priv.428
                0x20006350                beeperIO.lto_priv.427
                0x20006354                beeperPwm.lto_priv.429
                0x2000636c                freqBeep.lto_priv.430
                0x20006370                sysTickPending.lto_priv.342
                0x20006374                usTicks.lto_priv.343
                0x20006378                timerConfig
                0x200064b8                serialConfig_System
                0x200064ec                sdcardConfig_System
                0x200064f4                sdcard.lto_priv.300
                0x2000655c                spiDevice
                0x2000659c                max7456CsPin.lto_priv.322
                0x200065a0                videoSignalCfg.lto_priv.323
                0x200065a4                vcdProfile_System
                0x200065a7                hosRegValue.lto_priv.693
                0x200065a8                vosRegValue.lto_priv.694
                0x200065ac                findSerialPortConfigState.lto_priv.487
                0x200065b0                servoConfig_System
                0x200065c0                servos.lto_priv.425
                0x20006680                ioRecs
                0x200067b8                gyroConfig_System
                0x200067d4                gyroSensor1.lto_priv.341
                0x20006a50                gyro
                0x20006a60                activeFeaturesLatch.lto_priv.309
                0x20006a64                inputFilteringMode.lto_priv.467
                0x20006a68                pwmConfig_System
                0x20006b54                ppmDev.lto_priv.469
                0x20006b9c                ppmConfig_System
                0x20006ba0                motors.lto_priv.326
                0x20006c60                motorConfig_System
                0x20006c76                isDshot.lto_priv.418
                0x20006c78                pwmWrite.lto_priv.420
                0x20006c7c                loadDmaBuffer
                0x20006c80                pwmCompleteWrite.lto_priv.419
                0x20006c84                dmaMotorTimers.lto_priv.472
                0x200075e4                dmaMotorTimerCount.lto_priv.473
                0x200075e5                pwmMotorsEnabled.lto_priv.306
                0x200075e8                dmaMotors.lto_priv.305
                0x200078cc                serialPortUsageList.lto_priv.417
                0x200078fc                serialPinConfig_System